collect bidirectional wan:   0%|          | 0/251 [00:00<?, ?it/s]
  0%|          | 0/50 [00:00<?, ?it/s][A  0%|          | 0/50 [00:00<?, ?it/s]
collect bidirectional wan:   0%|          | 0/251 [00:00<?, ?it/s]
Traceback (most recent call last):
  File "/root/Self-Forcing/collect_bidirectional_wan_dataset.py", line 156, in <module>
    main()
  File "/root/Self-Forcing/collect_bidirectional_wan_dataset.py", line 126, in main
    _video, latents = pipeline.inference(noise=noise, text_prompts=[prompt], return_latents=True)
  File "/root/Self-Forcing/pipeline/bidirectional_diffusion_inference.py", line 65, in inference
    flow_pred_cond, _ = self.generator(latent_model_input, conditional_dict, timestep)
  File "/root/Self-Forcing/sf_venv/lib/python3.10/site-packages/torch/nn/modules/module.py", line 1778, in _wrapped_call_impl
    return self._call_impl(*args, **kwargs)
  File "/root/Self-Forcing/sf_venv/lib/python3.10/site-packages/torch/nn/modules/module.py", line 1789, in _call_impl
    return forward_call(*args, **kwargs)
  File "/root/Self-Forcing/utils/wan_wrapper.py", line 274, in forward
    flow_pred = self.model(
  File "/root/Self-Forcing/sf_venv/lib/python3.10/site-packages/torch/nn/modules/module.py", line 1778, in _wrapped_call_impl
    return self._call_impl(*args, **kwargs)
  File "/root/Self-Forcing/sf_venv/lib/python3.10/site-packages/torch/nn/modules/module.py", line 1789, in _call_impl
    return forward_call(*args, **kwargs)
  File "/root/Self-Forcing/wan/modules/model.py", line 635, in forward
    return self._forward(*args, **kwargs)
  File "/root/Self-Forcing/wan/modules/model.py", line 683, in _forward
    x = [self.patch_embedding(u.unsqueeze(0)) for u in x]
  File "/root/Self-Forcing/wan/modules/model.py", line 683, in <listcomp>
    x = [self.patch_embedding(u.unsqueeze(0)) for u in x]
  File "/root/Self-Forcing/sf_venv/lib/python3.10/site-packages/torch/nn/modules/module.py", line 1778, in _wrapped_call_impl
    return self._call_impl(*args, **kwargs)
  File "/root/Self-Forcing/sf_venv/lib/python3.10/site-packages/torch/nn/modules/module.py", line 1789, in _call_impl
    return forward_call(*args, **kwargs)
  File "/root/Self-Forcing/sf_venv/lib/python3.10/site-packages/torch/nn/modules/conv.py", line 735, in forward
    return self._conv_forward(input, self.weight, self.bias)
  File "/root/Self-Forcing/sf_venv/lib/python3.10/site-packages/torch/nn/modules/conv.py", line 730, in _conv_forward
    return F.conv3d(
RuntimeError: Input type (CUDABFloat16Type) and weight type (CPUBFloat16Type) should be the same
