[2026-06-10 11:38:53] Training bidirectional prompt-anchor draft head
[2026-06-10 11:38:53] Teacher setup: bidirectional_wan
[2026-06-10 11:38:53] Manifest: /mnt/lanxiangh/data/ff_exec/bidirectional_wan_draft_head_dataset/tau_delta_0p0/manifest.json
[2026-06-10 11:38:53] Dataset cache: /mnt/lanxiangh/data/cache/specgen index_workers=8 wait_seconds=3600
[2026-06-10 11:38:53] Run dir:   /root/Self-Forcing/outputs/draft_head/checkpoints/corrected_flow_bidirectional_prompt_anchor_wan_targetinit_tempmix2_unrolled_h5120_l6_st1000_750_500_250_0_dense10_overfit0_bs1_g4_lr1e-5_fl1_0_dt0_05_td0_0_bd0_0
[2026-06-10 11:38:53] Output:    /root/Self-Forcing/outputs/draft_head/checkpoints/corrected_flow_bidirectional_prompt_anchor_wan_targetinit_tempmix2_unrolled_h5120_l6_st1000_750_500_250_0_dense10_overfit0_bs1_g4_lr1e-5_fl1_0_dt0_05_td0_0_bd0_0/final.pt
[2026-06-10 11:38:53] GPUs:      4 visible=0,1,2,3
[2026-06-10 11:38:53] Anchor:    online_target target=Wan2.1-T2V-14B seed=42
[2026-06-10 11:38:53] Model:     wan hidden=5120 layers=6 heads=40 ffn_dim=13824 prompt_dim=4096 temporal_mixer_layers=2 temporal_mixer_ffn_dim=2048 gradient_checkpointing=1
[2026-06-10 11:38:53] Parallel:  strategy=fsdp fsdp_min_num_params=100000000 fsdp_mixed_precision=none
[2026-06-10 11:38:53] Init:      target_blocks=[0 8 16 24 32 39]
[2026-06-10 11:38:53] Training:  mode=unrolled prediction_type=flow steps=[1000 750 500 250 0] dense_schedule_steps=10 random_sampling=uniform_schedule logit_mean=0.0 logit_std=1.0 unroll_noise=fixed weights=auto overfit_num=0 overfit_start=0 num_workers=0
[2026-06-10 11:38:53] Loss:      clean=0.1 flow=1.0 detail=0.05 temporal_delta=0.0 boundary=0.0
[startup rank0 2026-06-10 11:38:58] building/loading bidirectional dataset index
[startup rank0 2026-06-10 11:38:58] dataset index ready in 0.0s examples=1003
[startup rank0 2026-06-10 11:38:58] loading one sample to infer latent shape
[startup rank0 2026-06-10 11:38:59] sample shape ready in 0.1s latent_channels=16 frames=27
[startup rank0 2026-06-10 11:39:01] loading Wan text encoder
[startup rank0 2026-06-10 11:39:58] Wan text encoder ready in 56.1s
[startup rank0 2026-06-10 11:39:58] using stored full-video Wan chunk-0 anchors from dataset
[startup rank0 2026-06-10 11:39:58] building bidirectional Wan draft head
[startup rank0 2026-06-10 11:40:09] bidirectional Wan draft head ready in 11.1s
[startup rank0 2026-06-10 11:40:09] initializing draft head from target blocks [0, 8, 16, 24, 32, 39]
[startup rank0 2026-06-10 11:40:26] target block initialization ready in 17.6s report={'patch_embedding': 1, 'time_embedding': 1, 'time_projection': 1, 'head': 1, 'attention': 6, 'norm': 12, 'ffn': 6, 'skipped': 0}
Initialized bidirectional Wan head from target blocks [0, 8, 16, 24, 32, 39]: {'patch_embedding': 1, 'time_embedding': 1, 'time_projection': 1, 'head': 1, 'attention': 6, 'norm': 12, 'ffn': 6, 'skipped': 0}
[startup rank0 2026-06-10 11:40:26] wrapping model with fsdp
[startup rank0 2026-06-10 11:40:26] parallel wrapper ready in 0.0s
[startup rank0 2026-06-10 11:40:26] creating AdamW optimizer
[startup rank0 2026-06-10 11:40:26] optimizer ready in 0.0s
Training bidirectional draft head prompts=1003 train=953 val=50 latent_channels=16 frames=27 hidden=5120 layers=6 heads=40 ffn_dim=13824 temporal_mixer_layers=2 temporal_mixer_ffn_dim=2048 world_size=4 parallel=fsdp
epoch 1:   0%|          | 0/239 [00:00<?, ?it/s]epoch 1:   0%|          | 0/239 [00:24<?, ?it/s, loss=26.9, rmse=1.26, sec=24.9]step=1 epoch=1 batch=1 running_loss=26.926594 running_clean_latent_rmse=1.260457 loss=26.926594 clean_latent_mse=1.588753
epoch 1:   0%|          | 1/239 [00:24<1:38:48, 24.91s/it, loss=26.9, rmse=1.26, sec=24.9]epoch 1:   0%|          | 1/239 [00:45<1:38:48, 24.91s/it, loss=23.3, rmse=1.22, sec=20.7]step=2 epoch=1 batch=2 running_loss=25.101310 running_clean_latent_rmse=1.216980 loss=23.276026 clean_latent_mse=1.373328
epoch 1:   1%|          | 2/239 [00:45<1:29:08, 22.57s/it, loss=23.3, rmse=1.22, sec=20.7]epoch 1:   1%|          | 2/239 [01:06<1:29:08, 22.57s/it, loss=21.1, rmse=1.18, sec=20.6]step=3 epoch=1 batch=3 running_loss=23.765032 running_clean_latent_rmse=1.184385 loss=21.092478 clean_latent_mse=1.246222
epoch 1:   1%|▏         | 3/239 [01:06<1:25:25, 21.72s/it, loss=21.1, rmse=1.18, sec=20.6]epoch 1:   1%|▏         | 3/239 [01:27<1:25:25, 21.72s/it, loss=25.5, rmse=1.2, sec=20.5] step=4 epoch=1 batch=4 running_loss=24.208086 running_clean_latent_rmse=1.195648 loss=25.537249 clean_latent_mse=1.509997
epoch 1:   2%|▏         | 4/239 [01:27<1:23:16, 21.26s/it, loss=25.5, rmse=1.2, sec=20.5]epoch 1:   2%|▏         | 4/239 [01:49<1:23:16, 21.26s/it, loss=28.1, rmse=1.21, sec=22.1]step=5 epoch=1 batch=5 running_loss=24.994680 running_clean_latent_rmse=1.214958 loss=28.141052 clean_latent_mse=1.662316
epoch 1:   2%|▏         | 5/239 [01:49<1:24:14, 21.60s/it, loss=28.1, rmse=1.21, sec=22.1]epoch 1:   2%|▏         | 5/239 [02:10<1:24:14, 21.60s/it, loss=27.5, rmse=1.23, sec=20.7]step=6 epoch=1 batch=6 running_loss=25.416535 running_clean_latent_rmse=1.225210 loss=27.525814 clean_latent_mse=1.626228
epoch 1:   3%|▎         | 6/239 [02:10<1:22:50, 21.33s/it, loss=27.5, rmse=1.23, sec=20.7]epoch 1:   3%|▎         | 6/239 [02:30<1:22:50, 21.33s/it, loss=21.1, rmse=1.21, sec=20.8]step=7 epoch=1 batch=7 running_loss=24.798208 running_clean_latent_rmse=1.210218 loss=21.088242 clean_latent_mse=1.245557
epoch 1:   3%|▎         | 7/239 [02:30<1:21:50, 21.17s/it, loss=21.1, rmse=1.21, sec=20.8][rank1]: Traceback (most recent call last):
[rank1]:   File "/root/Self-Forcing/train_bidirectional_draft_head.py", line 1568, in <module>
[rank1]:     main()
[rank1]:   File "/root/Self-Forcing/train_bidirectional_draft_head.py", line 1434, in main
[rank1]:     loss.backward()
[rank1]:   File "/root/Self-Forcing/sf_venv/lib/python3.10/site-packages/torch/_tensor.py", line 631, in backward
[rank1]:     torch.autograd.backward(
[rank1]:   File "/root/Self-Forcing/sf_venv/lib/python3.10/site-packages/torch/autograd/__init__.py", line 379, in backward
[rank1]:     _engine_run_backward(
[rank1]:   File "/root/Self-Forcing/sf_venv/lib/python3.10/site-packages/torch/autograd/graph.py", line 882, in _engine_run_backward
[rank1]:     return Variable._execution_engine.run_backward(  # Calls into the C++ engine to run the backward pass
[rank1]: RuntimeError: Expected mha_graph.execute(handle, variant_pack, workspace_ptr.get()).is_good() to be true, but got false.  (Could this error message be improved?  If so, please report an enhancement request to PyTorch.)
W0610 11:43:06.508000 3644219 sf_venv/lib/python3.10/site-packages/torch/distributed/elastic/multiprocessing/api.py:1014] Sending process 3644327 closing signal SIGTERM
W0610 11:43:06.509000 3644219 sf_venv/lib/python3.10/site-packages/torch/distributed/elastic/multiprocessing/api.py:1014] Sending process 3644329 closing signal SIGTERM
W0610 11:43:06.511000 3644219 sf_venv/lib/python3.10/site-packages/torch/distributed/elastic/multiprocessing/api.py:1014] Sending process 3644330 closing signal SIGTERM
E0610 11:43:07.443000 3644219 sf_venv/lib/python3.10/site-packages/torch/distributed/elastic/multiprocessing/api.py:988] failed (exitcode: 1) local_rank: 1 (pid: 3644328) of binary: /root/Self-Forcing/sf_venv/bin/python
Traceback (most recent call last):
  File "/root/.local/share/uv/python/cpython-3.10-linux-x86_64-gnu/lib/python3.10/runpy.py", line 196, in _run_module_as_main
    return _run_code(code, main_globals, None,
  File "/root/.local/share/uv/python/cpython-3.10-linux-x86_64-gnu/lib/python3.10/runpy.py", line 86, in _run_code
    exec(code, run_globals)
  File "/root/Self-Forcing/sf_venv/lib/python3.10/site-packages/torch/distributed/run.py", line 1020, in <module>
    main()
  File "/root/Self-Forcing/sf_venv/lib/python3.10/site-packages/torch/distributed/elastic/multiprocessing/errors/__init__.py", line 367, in wrapper
    return f(*args, **kwargs)
  File "/root/Self-Forcing/sf_venv/lib/python3.10/site-packages/torch/distributed/run.py", line 1016, in main
    run(args)
  File "/root/Self-Forcing/sf_venv/lib/python3.10/site-packages/torch/distributed/run.py", line 1007, in run
    elastic_launch(
  File "/root/Self-Forcing/sf_venv/lib/python3.10/site-packages/torch/distributed/launcher/api.py", line 191, in __call__
    return launch_agent(self._config, self._entrypoint, list(args))
  File "/root/Self-Forcing/sf_venv/lib/python3.10/site-packages/torch/distributed/launcher/api.py", line 371, in launch_agent
    raise ChildFailedError(
torch.distributed.elastic.multiprocessing.errors.ChildFailedError: 
============================================================
train_bidirectional_draft_head.py FAILED
------------------------------------------------------------
Failures:
[1]:
  time      : 2026-06-10_11:43:07
  host      : lanxiang-prl-pod-2-67d469f5c6-f2kks
  rank      : 0 (local_rank: 0)
  exitcode  : -15 (pid: 3644327)  (SIGTERM)
  error_file: <N/A>
  traceback : Signal 15 (SIGTERM) received by PID 3644327
[2]:
  time      : 2026-06-10_11:43:07
  host      : lanxiang-prl-pod-2-67d469f5c6-f2kks
  rank      : 2 (local_rank: 2)
  exitcode  : -15 (pid: 3644329)  (SIGTERM)
  error_file: <N/A>
  traceback : Signal 15 (SIGTERM) received by PID 3644329
[3]:
  time      : 2026-06-10_11:43:07
  host      : lanxiang-prl-pod-2-67d469f5c6-f2kks
  rank      : 3 (local_rank: 3)
  exitcode  : -15 (pid: 3644330)  (SIGTERM)
  error_file: <N/A>
  traceback : Signal 15 (SIGTERM) received by PID 3644330
------------------------------------------------------------
Root Cause (first observed failure):
[0]:
  time      : 2026-06-10_11:43:06
  host      : lanxiang-prl-pod-2-67d469f5c6-f2kks
  rank      : 1 (local_rank: 1)
  exitcode  : 1 (pid: 3644328) 
  error_file: <N/A>
  traceback : To enable traceback see: https://pytorch.org/docs/stable/elastic/errors.html
============================================================
