[2026-06-11 00:16:52] Training bidirectional prompt-anchor draft head
[2026-06-11 00:16:52] Teacher setup: bidirectional_wan
[2026-06-11 00:16:52] Manifest: /mnt/lanxiangh/data/ff_exec/bidirectional_wan_draft_head_dataset/tau_delta_0p0/manifest.json
[2026-06-11 00:16:52] Dataset cache: /mnt/lanxiangh/data/cache/specgen index_workers=8 wait_seconds=3600
[2026-06-11 00:16:52] Run dir:   /root/Self-Forcing/outputs/draft_head/checkpoints/corrected_flow_bidirectional_prompt_anchor_wan_targetinit_tempmix2_unrolled_h5120_l6_st1000_750_500_250_0_dense10_overfit0_bs1_g4PARALLEL_STRATEGY=fsdp_lr1e-5_fl1_0_dt0_05_td0_0_bd0
[2026-06-11 00:16:52] Output:    /root/Self-Forcing/outputs/draft_head/checkpoints/corrected_flow_bidirectional_prompt_anchor_wan_targetinit_tempmix2_unrolled_h5120_l6_st1000_750_500_250_0_dense10_overfit0_bs1_g4PARALLEL_STRATEGY=fsdp_lr1e-5_fl1_0_dt0_05_td0_0_bd0/final.pt
[2026-06-11 00:16:52] GPUs:      4PARALLEL_STRATEGY=fsdp visible=0
[2026-06-11 00:16:52] Anchor:    online_target target=Wan2.1-T2V-14B seed=42
[2026-06-11 00:16:52] Model:     wan hidden=5120 layers=6 heads=40 ffn_dim=13824 prompt_dim=4096 temporal_mixer_layers=2 temporal_mixer_ffn_dim=2048 gradient_checkpointing=1
[2026-06-11 00:16:52] Parallel:  strategy=fsdp fsdp_min_num_params=100000000 fsdp_mixed_precision=none
[2026-06-11 00:16:52] Attention: backend=math
[2026-06-11 00:16:52] Init:      target_blocks=[0 8 16 24 32 39]
[2026-06-11 00:16:52] Training:  mode=unrolled prediction_type=flow steps=[1000 750 500 250 0] dense_schedule_steps=10 random_sampling=uniform_schedule logit_mean=0.0 logit_std=1.0 unroll_noise=fixed weights=auto overfit_num=0 overfit_start=0 num_workers=0
[2026-06-11 00:16:52] Loss:      clean=0.1 flow=1.0 detail=0.05 temporal_delta=0.0 boundary=0
[startup rank0 2026-06-11 00:16:54] building/loading bidirectional dataset index
[startup rank0 2026-06-11 00:16:54] dataset index ready in 0.0s examples=1003
[startup rank0 2026-06-11 00:16:54] loading one sample to infer latent shape
[startup rank0 2026-06-11 00:16:55] sample shape ready in 0.1s latent_channels=16 frames=27
[startup rank0 2026-06-11 00:16:57] loading Wan text encoder
[startup rank0 2026-06-11 00:17:48] Wan text encoder ready in 51.4s
[startup rank0 2026-06-11 00:17:48] using stored full-video Wan chunk-0 anchors from dataset
[startup rank0 2026-06-11 00:17:48] building bidirectional Wan draft head
[startup rank0 2026-06-11 00:17:58] bidirectional Wan draft head ready in 9.9s
[startup rank0 2026-06-11 00:17:58] initializing draft head from target blocks [0, 8, 16, 24, 32, 39]
[startup rank0 2026-06-11 00:18:10] target block initialization ready in 11.4s report={'patch_embedding': 1, 'time_embedding': 1, 'time_projection': 1, 'head': 1, 'attention': 6, 'norm': 12, 'ffn': 6, 'skipped': 0}
Initialized bidirectional Wan head from target blocks [0, 8, 16, 24, 32, 39]: {'patch_embedding': 1, 'time_embedding': 1, 'time_projection': 1, 'head': 1, 'attention': 6, 'norm': 12, 'ffn': 6, 'skipped': 0}
[startup rank0 2026-06-11 00:18:10] wrapping model with none
[startup rank0 2026-06-11 00:18:10] parallel wrapper ready in 0.0s
[startup rank0 2026-06-11 00:18:10] creating AdamW optimizer
[startup rank0 2026-06-11 00:18:10] optimizer ready in 0.0s
Training bidirectional draft head prompts=1003 train=953 val=50 latent_channels=16 frames=27 hidden=5120 layers=6 heads=40 ffn_dim=13824 temporal_mixer_layers=2 temporal_mixer_ffn_dim=2048 world_size=1 parallel=none
epoch 1:   0%|          | 0/953 [00:00<?, ?it/s]epoch 1:   0%|          | 0/953 [00:18<?, ?it/s]
Traceback (most recent call last):
  File "/root/Self-Forcing/train_bidirectional_draft_head.py", line 1591, in <module>
    main()
  File "/root/Self-Forcing/train_bidirectional_draft_head.py", line 1457, in main
    loss.backward()
  File "/root/Self-Forcing/sf_venv/lib/python3.10/site-packages/torch/_tensor.py", line 631, in backward
    torch.autograd.backward(
  File "/root/Self-Forcing/sf_venv/lib/python3.10/site-packages/torch/autograd/__init__.py", line 379, in backward
    _engine_run_backward(
  File "/root/Self-Forcing/sf_venv/lib/python3.10/site-packages/torch/autograd/graph.py", line 882, in _engine_run_backward
    return Variable._execution_engine.run_backward(  # Calls into the C++ engine to run the backward pass
torch.OutOfMemoryError: CUDA out of memory. Tried to allocate 6.57 GiB. GPU 0 has a total capacity of 139.81 GiB of which 3.70 GiB is free. Including non-PyTorch memory, this process has 136.10 GiB memory in use. Of the allocated memory 132.14 GiB is allocated by PyTorch, and 3.22 GiB is reserved by PyTorch but unallocated. If reserved but unallocated memory is large try setting PYTORCH_CUDA_ALLOC_CONF=expandable_segments:True to avoid fragmentation.  See documentation for Memory Management  (https://docs.pytorch.org/docs/stable/notes/cuda.html#optimizing-memory-usage-with-pytorch-cuda-alloc-conf)
