[2026-05-30 12:08:53] Training latent draft head
[2026-05-30 12:08:53] Manifest: /mnt/lanxiangh/data/ff_exec/draft_head_full_dataset/tau_delta_0p0/manifest.json
[2026-05-30 12:08:53] Output:   /root/Self-Forcing/outputs/sdvg/draft_head/moviegen_draft_head_attention_block_noise_h512_l4_heads8_ctx512_pool1x4x4_ffn4_blocks9.pt
[2026-05-30 12:08:53] Layers:   infer from manifest records
[2026-05-30 12:08:53] Head:     attention input_source=block_noise hidden=512 layers=4 heads=8
[2026-05-30 12:08:53] GPUs:     4 visible=0,1,2,3
[2026-05-30 12:08:53] Epochs:   3 batch_size=128 lr=1e-4
Training draft head records=8024 train=7623 val=401 layers=['blocks.16', 'blocks.24', 'blocks.8'] latent_channels=16 feature_dim=15360 head_type=attention input_source=block_noise world_size=4
epoch 1:   0%|          | 0/15 [00:00<?, ?it/s]/root/Self-Forcing/sf_venv/lib/python3.10/site-packages/torch/autograd/graph.py:882: UserWarning: Grad strides do not match bucket view strides. This may indicate grad was not created according to the gradient layout contract, or that the param's strides changed since DDP was constructed.  This is not an error, but may impair performance.
grad.sizes() = [16, 512, 1, 1, 1], strides() = [512, 1, 512, 512, 512]
bucket_view.sizes() = [16, 512, 1, 1, 1], strides() = [512, 1, 1, 1, 1] (Triggered internally at /pytorch/torch/csrc/distributed/c10d/reducer.cpp:334.)
  return Variable._execution_engine.run_backward(  # Calls into the C++ engine to run the backward pass
/root/Self-Forcing/sf_venv/lib/python3.10/site-packages/torch/autograd/graph.py:882: UserWarning: Grad strides do not match bucket view strides. This may indicate grad was not created according to the gradient layout contract, or that the param's strides changed since DDP was constructed.  This is not an error, but may impair performance.
grad.sizes() = [16, 512, 1, 1, 1], strides() = [512, 1, 512, 512, 512]
bucket_view.sizes() = [16, 512, 1, 1, 1], strides() = [512, 1, 1, 1, 1] (Triggered internally at /pytorch/torch/csrc/distributed/c10d/reducer.cpp:334.)
  return Variable._execution_engine.run_backward(  # Calls into the C++ engine to run the backward pass
/root/Self-Forcing/sf_venv/lib/python3.10/site-packages/torch/autograd/graph.py:882: UserWarning: Grad strides do not match bucket view strides. This may indicate grad was not created according to the gradient layout contract, or that the param's strides changed since DDP was constructed.  This is not an error, but may impair performance.
grad.sizes() = [16, 512, 1, 1, 1], strides() = [512, 1, 512, 512, 512]
bucket_view.sizes() = [16, 512, 1, 1, 1], strides() = [512, 1, 1, 1, 1] (Triggered internally at /pytorch/torch/csrc/distributed/c10d/reducer.cpp:334.)
  return Variable._execution_engine.run_backward(  # Calls into the C++ engine to run the backward pass
/root/Self-Forcing/sf_venv/lib/python3.10/site-packages/torch/autograd/graph.py:882: UserWarning: Grad strides do not match bucket view strides. This may indicate grad was not created according to the gradient layout contract, or that the param's strides changed since DDP was constructed.  This is not an error, but may impair performance.
grad.sizes() = [16, 512, 1, 1, 1], strides() = [512, 1, 512, 512, 512]
bucket_view.sizes() = [16, 512, 1, 1, 1], strides() = [512, 1, 1, 1, 1] (Triggered internally at /pytorch/torch/csrc/distributed/c10d/reducer.cpp:334.)
  return Variable._execution_engine.run_backward(  # Calls into the C++ engine to run the backward pass
epoch 1:   0%|          | 0/15 [01:57<?, ?it/s, avg=1.86, loss=1.86, rmse=1.36, sec=13.1]step=1 epoch=1 batch=1 loss=1.860437 running_mse=1.860437 running_rmse=1.363978 step_seconds=13.070897
epoch 1:   7%|▋         | 1/15 [01:57<27:28, 117.73s/it, avg=1.86, loss=1.86, rmse=1.36, sec=13.1]epoch 1:   7%|▋         | 1/15 [03:58<27:28, 117.73s/it, avg=1.82, loss=1.77, rmse=1.35, sec=13]  step=2 epoch=1 batch=2 loss=1.771993 running_mse=1.816215 running_rmse=1.347670 step_seconds=12.952410
epoch 1:  13%|█▎        | 2/15 [03:58<25:51, 119.38s/it, avg=1.82, loss=1.77, rmse=1.35, sec=13]epoch 1:  13%|█▎        | 2/15 [05:54<25:51, 119.38s/it, avg=1.81, loss=1.81, rmse=1.35, sec=12.8]step=3 epoch=1 batch=3 loss=1.812388 running_mse=1.814939 running_rmse=1.347197 step_seconds=12.825794
epoch 1:  20%|██        | 3/15 [05:54<23:33, 117.77s/it, avg=1.81, loss=1.81, rmse=1.35, sec=12.8]epoch 1:  20%|██        | 3/15 [07:53<23:33, 117.77s/it, avg=1.8, loss=1.77, rmse=1.34, sec=13.1] step=4 epoch=1 batch=4 loss=1.765955 running_mse=1.802693 running_rmse=1.342644 step_seconds=13.144751
epoch 1:  27%|██▋       | 4/15 [07:53<21:44, 118.57s/it, avg=1.8, loss=1.77, rmse=1.34, sec=13.1]epoch 1:  27%|██▋       | 4/15 [10:05<21:44, 118.57s/it, avg=1.8, loss=1.79, rmse=1.34, sec=11.4]step=5 epoch=1 batch=5 loss=1.791149 running_mse=1.800384 running_rmse=1.341784 step_seconds=11.359714
epoch 1:  33%|███▎      | 5/15 [10:05<20:32, 123.28s/it, avg=1.8, loss=1.79, rmse=1.34, sec=11.4]