[2026-05-30 10:54:30] Training latent draft head
[2026-05-30 10:54:30] Manifest: /mnt/lanxiangh/data/ff_exec/draft_head_full_dataset/tau_delta_0p0/manifest.json
[2026-05-30 10:54:30] Output:   /root/Self-Forcing/outputs/sdvg/draft_head/moviegen_draft_head_attention_draft_latents_h512_l4_heads8_ctx512_pool1x4x4_ffn4_blocks9.pt
[2026-05-30 10:54:30] Layers:   infer from manifest records
[2026-05-30 10:54:30] Head:     attention input_source=draft_latents hidden=512 layers=4 heads=8
[2026-05-30 10:54:30] GPUs:     4 visible=0,1,2,3
[2026-05-30 10:54:30] Epochs:   3 batch_size=32 lr=1e-4
Training draft head records=8024 train=7623 val=401 layers=['blocks.16', 'blocks.24', 'blocks.8'] latent_channels=16 feature_dim=15360 head_type=attention input_source=draft_latents world_size=4
epoch 1:   0%|          | 0/60 [00:00<?, ?it/s]/root/Self-Forcing/sf_venv/lib/python3.10/site-packages/torch/autograd/graph.py:882: UserWarning: Grad strides do not match bucket view strides. This may indicate grad was not created according to the gradient layout contract, or that the param's strides changed since DDP was constructed.  This is not an error, but may impair performance.
grad.sizes() = [16, 512, 1, 1, 1], strides() = [512, 1, 512, 512, 512]
bucket_view.sizes() = [16, 512, 1, 1, 1], strides() = [512, 1, 1, 1, 1] (Triggered internally at /pytorch/torch/csrc/distributed/c10d/reducer.cpp:334.)
  return Variable._execution_engine.run_backward(  # Calls into the C++ engine to run the backward pass
/root/Self-Forcing/sf_venv/lib/python3.10/site-packages/torch/autograd/graph.py:882: UserWarning: Grad strides do not match bucket view strides. This may indicate grad was not created according to the gradient layout contract, or that the param's strides changed since DDP was constructed.  This is not an error, but may impair performance.
grad.sizes() = [16, 512, 1, 1, 1], strides() = [512, 1, 512, 512, 512]
bucket_view.sizes() = [16, 512, 1, 1, 1], strides() = [512, 1, 1, 1, 1] (Triggered internally at /pytorch/torch/csrc/distributed/c10d/reducer.cpp:334.)
  return Variable._execution_engine.run_backward(  # Calls into the C++ engine to run the backward pass
/root/Self-Forcing/sf_venv/lib/python3.10/site-packages/torch/autograd/graph.py:882: UserWarning: Grad strides do not match bucket view strides. This may indicate grad was not created according to the gradient layout contract, or that the param's strides changed since DDP was constructed.  This is not an error, but may impair performance.
grad.sizes() = [16, 512, 1, 1, 1], strides() = [512, 1, 512, 512, 512]
bucket_view.sizes() = [16, 512, 1, 1, 1], strides() = [512, 1, 1, 1, 1] (Triggered internally at /pytorch/torch/csrc/distributed/c10d/reducer.cpp:334.)
  return Variable._execution_engine.run_backward(  # Calls into the C++ engine to run the backward pass
/root/Self-Forcing/sf_venv/lib/python3.10/site-packages/torch/autograd/graph.py:882: UserWarning: Grad strides do not match bucket view strides. This may indicate grad was not created according to the gradient layout contract, or that the param's strides changed since DDP was constructed.  This is not an error, but may impair performance.
grad.sizes() = [16, 512, 1, 1, 1], strides() = [512, 1, 512, 512, 512]
bucket_view.sizes() = [16, 512, 1, 1, 1], strides() = [512, 1, 1, 1, 1] (Triggered internally at /pytorch/torch/csrc/distributed/c10d/reducer.cpp:334.)
  return Variable._execution_engine.run_backward(  # Calls into the C++ engine to run the backward pass
epoch 1:   0%|          | 0/60 [00:28<?, ?it/s, avg=0.188, loss=0.188, rmse=0.433, sec=4.61]step=1 epoch=1 batch=1 loss=0.187551 running_mse=0.187551 running_rmse=0.433072 step_seconds=4.610858
epoch 1:   2%|▏         | 1/60 [00:28<27:35, 28.07s/it, avg=0.188, loss=0.188, rmse=0.433, sec=4.61]epoch 1:   2%|▏         | 1/60 [00:58<27:35, 28.07s/it, avg=0.198, loss=0.208, rmse=0.445, sec=3.62]step=2 epoch=1 batch=2 loss=0.208477 running_mse=0.198014 running_rmse=0.444988 step_seconds=3.616399
epoch 1:   3%|▎         | 2/60 [00:58<28:17, 29.27s/it, avg=0.198, loss=0.208, rmse=0.445, sec=3.62]epoch 1:   3%|▎         | 2/60 [01:25<28:17, 29.27s/it, avg=0.191, loss=0.177, rmse=0.437, sec=4.09]step=3 epoch=1 batch=3 loss=0.176634 running_mse=0.190887 running_rmse=0.436907 step_seconds=4.085165
epoch 1:   5%|▌         | 3/60 [01:25<27:10, 28.60s/it, avg=0.191, loss=0.177, rmse=0.437, sec=4.09]